Warning: can't find the initialization file spinit.

Note: No compatibility mode selected!


Circuit: green stripe 76 - gcot-se-01__literal__f1000__p0dbv

Doing analysis at TEMP = 27.000000 and TNOM = 27.000000

Using SPARSE 1.3 as Direct Linear Solver

No. of Data Rows : 601
Doing analysis at TEMP = 27.000000 and TNOM = 27.000000

Using SPARSE 1.3 as Direct Linear Solver

Initial Transient Solution
--------------------------

Node                                   Voltage
----                                   -------
srcp                                         0
p1                                           0
xdut.xc.c2                                   0
xdut.xc.p1_vmeas_0                           0
xdut.xc.c1                                   0
xdut.xc.xgc.n3                               0
out                                          0
b.xdut.xc.bs#branch                          0
v.xdut.xc.v_bp#branch                        0
b.xdut.xc.xgc.bc#branch                      0
b.xdut.xc.bp#branch                          0
v.xdut.xc.vp#branch                          0
vplus#branch                                 0

Warning: singular matrix:  check nodes xdut.xc.c2 and v.xdut.xc.vp#branch

Warning: singular matrix:  check nodes xdut.xc.c2 and v.xdut.xc.vp#branch

Warning: singular matrix:  check nodes xdut.xc.c2 and v.xdut.xc.vp#branch

Warning: singular matrix:  check nodes xdut.xc.c2 and v.xdut.xc.vp#branch

Warning: singular matrix:  check nodes xdut.xc.c2 and v.xdut.xc.vp#branch

Warning: singular matrix:  check nodes xdut.xc.c2 and v.xdut.xc.vp#branch


No. of Data Rows : 0
doAnalyses: TRAN:  Timestep too small; time = 4.16667e-07, timestep = 4.88281e-18: trouble with node "b.xdut.xc.bs#branch"


tran simulation(s) aborted
Warning from checkvalid: vector srcp is not available or has zero length.
Error: RHS "v(srcp)" invalid
Warning from checkvalid: vector p1 is not available or has zero length.
Error: RHS "v(p1)" invalid
Warning from checkvalid: vector xdut.xc.c1 is not available or has zero length.
Error: RHS "v(xdut.xc.c1,xdut.xc.c2)" invalid
Warning from checkvalid: vector out is not available or has zero length.
Error: RHS "0*v(out)" invalid
Warning from checkvalid: vector vplus#branch is not available or has zero length.
Error: RHS "-i(vplus)" invalid
Error: no such vector source_v
ngspice-45.2 done
