Warning: can't find the initialization file spinit.

Note: No compatibility mode selected!


Circuit: green stripe 76 - gcot-pp-03__main__f20__m21dbv

Doing analysis at TEMP = 27.000000 and TNOM = 27.000000

Using SPARSE 1.3 as Direct Linear Solver

No. of Data Rows : 601
Doing analysis at TEMP = 27.000000 and TNOM = 27.000000

Using SPARSE 1.3 as Direct Linear Solver

Initial Transient Solution
--------------------------

Node                                   Voltage
----                                   -------
srcp                                         0
srcn                               7.71784e-18
p1                                           0
p2                                 4.54616e-19
xdut.xc.xcore1.ps                            0
xdut.xc.xcore1.q                             0
xdut.xc.xcore1.u                             0
xdut.xc.xcore1.w                             0
xdut.xc.current1                             0
xdut.xc.xcore2.ps                  4.54616e-19
xdut.xc.xcore2.q                   4.54616e-19
xdut.xc.xcore2.u                             0
xdut.xc.xcore2.w                  -7.26323e-20
xdut.xc.current2                             0
out                                          0
b.xdut.xc.bs#branch                          0
b.xdut.xc.xcore2.bout#branch                 0
v.xdut.xc.xcore2.vsense#branch     7.26323e-20
b.xdut.xc.xcore2.bsat#branch       7.26323e-20
b.xdut.xc.xcore1.bout#branch                 0
v.xdut.xc.xcore1.vsense#branch               0
b.xdut.xc.xcore1.bsat#branch                 0
vminus#branch                     -7.26323e-20
vplus#branch                                 0


No. of Data Rows : 24001
ngspice-45.2 done
