Warning: can't find the initialization file spinit.

Note: No compatibility mode selected!


Circuit: green stripe 76 - gcot-se-01__ddt_equivalent__f20__m30dbv

Doing analysis at TEMP = 27.000000 and TNOM = 27.000000

Using SPARSE 1.3 as Direct Linear Solver

No. of Data Rows : 601
Doing analysis at TEMP = 27.000000 and TNOM = 27.000000

Using SPARSE 1.3 as Direct Linear Solver

Initial Transient Solution
--------------------------

Node                                   Voltage
----                                   -------
srcp                                         0
p1                                           0
xdut.xc.c2                                   0
xdut.xc.ddt_p                                0
xdut.xc.p1_vmeas_0                           0
xdut.xc.c1                                   0
xdut.xc.xgc.n3                               0
out                                          0
b.xdut.xc.bs#branch                          0
v.xdut.xc.v_bp#branch                        0
b.xdut.xc.xgc.bc#branch                      0
b.xdut.xc.bp#branch                          0
v.xdut.xc.vp#branch                          0
l.xdut.xc.lddt_p#branch                      0
vplus#branch                                 0


No. of Data Rows : 24001
ngspice-45.2 done
