Warning: can't find the initialization file spinit.

Note: No compatibility mode selected!


Circuit: green stripe 76 - gcot-pp-04__ddt_equivalent__f20__m30dbv

Doing analysis at TEMP = 27.000000 and TNOM = 27.000000

Using SPARSE 1.3 as Direct Linear Solver

No. of Data Rows : 601
Doing analysis at TEMP = 27.000000 and TNOM = 27.000000

Using SPARSE 1.3 as Direct Linear Solver

Initial Transient Solution
--------------------------

Node                                   Voltage
----                                   -------
srcp                                         0
srcn                               2.73839e-18
p1                                           0
p2                                 2.22893e-19
xdut.xc.c3                                   0
xdut.xc.c4                         2.22893e-19
xdut.xc.ddt_p1                               0
xdut.xc.p1_vmeas_0                           0
xdut.xc.c1                                   0
xdut.xc.ddt_p2                               0
xdut.xc.c2_vmeas_1                 2.22893e-19
xdut.xc.c2                         2.22893e-19
xdut.xc.xgc1.n3                              0
xdut.xc.xgc2.n3                    2.22893e-19
out                                          0
b.xdut.xc.bs#branch                          0
v.xdut.xc.v_bp1#branch                       0
v.xdut.xc.v_bp2#branch                       0
b.xdut.xc.xgc2.bc#branch            2.5155e-20
b.xdut.xc.xgc1.bc#branch                     0
b.xdut.xc.bp2#branch                         0
b.xdut.xc.bp1#branch                         0
v.xdut.xc.vp2#branch               -2.5155e-20
v.xdut.xc.vp1#branch                         0
l.xdut.xc.lddt_p2#branch           -2.5155e-20
l.xdut.xc.lddt_p1#branch                     0
vminus#branch                      -2.5155e-20
vplus#branch                                 0


No. of Data Rows : 24001
ngspice-45.2 done
