Warning: can't find the initialization file spinit.

Note: No compatibility mode selected!


Circuit: green stripe 76 - gcot-se-01__main__f100__m24dbv

Doing analysis at TEMP = 27.000000 and TNOM = 27.000000

Using SPARSE 1.3 as Direct Linear Solver

No. of Data Rows : 601
Doing analysis at TEMP = 27.000000 and TNOM = 27.000000

Using SPARSE 1.3 as Direct Linear Solver

Initial Transient Solution
--------------------------

Node                                   Voltage
----                                   -------
srcp                                         0
p1                                           0
xdut.xc.xcore1.ps                            0
xdut.xc.xcore1.q                             0
xdut.xc.xcore1.u                             0
xdut.xc.xcore1.w                             0
xdut.xc.current1                             0
out                                          0
b.xdut.xc.bs#branch                          0
b.xdut.xc.xcore1.bout#branch                 0
v.xdut.xc.xcore1.vsense#branch               0
b.xdut.xc.xcore1.bsat#branch                 0
vplus#branch                                 0


No. of Data Rows : 4835
ngspice-45.2 done
