Warning: can't find the initialization file spinit.

Note: No compatibility mode selected!


Circuit: green stripe 76 - gcot-pp-04__ddt_equivalent__f20__p6dbv

Doing analysis at TEMP = 27.000000 and TNOM = 27.000000

Using SPARSE 1.3 as Direct Linear Solver

No. of Data Rows : 601
Doing analysis at TEMP = 27.000000 and TNOM = 27.000000

Using SPARSE 1.3 as Direct Linear Solver

Initial Transient Solution
--------------------------

Node                                   Voltage
----                                   -------
srcp                                         0
srcn                               1.72781e-16
p1                                           0
p2                                 1.40636e-17
xdut.xc.c3                                   0
xdut.xc.c4                         1.40636e-17
xdut.xc.ddt_p1                               0
xdut.xc.p1_vmeas_0                           0
xdut.xc.c1                                   0
xdut.xc.ddt_p2                               0
xdut.xc.c2_vmeas_1                 1.40636e-17
xdut.xc.c2                         1.40636e-17
xdut.xc.xgc1.n3                              0
xdut.xc.xgc2.n3                    1.40636e-17
out                                          0
b.xdut.xc.bs#branch                          0
v.xdut.xc.v_bp1#branch                       0
v.xdut.xc.v_bp2#branch                       0
b.xdut.xc.xgc2.bc#branch           1.58717e-18
b.xdut.xc.xgc1.bc#branch                     0
b.xdut.xc.bp2#branch                         0
b.xdut.xc.bp1#branch                         0
v.xdut.xc.vp2#branch              -1.58717e-18
v.xdut.xc.vp1#branch                         0
l.xdut.xc.lddt_p2#branch          -1.58717e-18
l.xdut.xc.lddt_p1#branch                     0
vminus#branch                     -1.58717e-18
vplus#branch                                 0


No. of Data Rows : 24001
ngspice-45.2 done
