Warning: can't find the initialization file spinit.

Note: No compatibility mode selected!


Circuit: green stripe 76 - gcsymetrical__ddt_equivalent__f20__p6dbv

Doing analysis at TEMP = 27.000000 and TNOM = 27.000000

Using SPARSE 1.3 as Direct Linear Solver

No. of Data Rows : 601
Doing analysis at TEMP = 27.000000 and TNOM = 27.000000

Using SPARSE 1.3 as Direct Linear Solver

Initial Transient Solution
--------------------------

Node                                   Voltage
----                                   -------
srcp                                         0
srcn                               1.72781e-16
p1                                           0
p2                                 3.88462e-18
xdut.xgc.c3                                  0
xdut.xgc.c4                        3.88462e-18
xdut.xgc.ddt_p1                              0
xdut.xgc.p1_vmeas_0                          0
xdut.xgc.c1                                  0
xdut.xgc.ddt_p2                              0
xdut.xgc.c2_vmeas_1                3.88462e-18
xdut.xgc.c2                        3.88462e-18
xdut.xgc.xgc1.n3                             0
xdut.xgc.xgc2.n3                   3.88462e-18
out                                          0
b.xdut.xgc.bs#branch                         0
v.xdut.xgc.v_bp1#branch                      0
v.xdut.xgc.v_bp2#branch                      0
b.xdut.xgc.xgc2.bc#branch          1.68896e-18
b.xdut.xgc.xgc1.bc#branch                    0
b.xdut.xgc.bp2#branch                        0
b.xdut.xgc.bp1#branch                        0
v.xdut.xgc.vp2#branch             -1.68896e-18
v.xdut.xgc.vp1#branch                        0
l.xdut.xgc.lddt_p2#branch         -1.68896e-18
l.xdut.xgc.lddt_p1#branch                    0
vminus#branch                     -1.68896e-18
vplus#branch                                 0


No. of Data Rows : 24001
ngspice-45.2 done
